// Jest Snapshot v1, https://goo.gl/fbAQLP

exports[`render CardList and click 1`] = `
<DocumentFragment>
  <div
    class="cardList"
  >
    <div
      class="cardList__content"
    >
      <div
        class="card"
      >
        <div
          class="card__content"
        >
          <img
            src="https://rickandmortyapi.com/api/character/avatar/1.jpeg"
          />
          <div
            class="card__description"
          >
            <h1>
              Rick Sanchez
            </h1>
            <p>
              Human
            </p>
          </div>
        </div>
      </div>
    </div>
  </div>
</DocumentFragment>
`;
